100 Byte size test - 1 fannout 35000 Msg/sec for 60 seconds
2016-06-09-07:26:31
Total Messages transmitted = 6300000
Computed publish rate (msg/sec) = 99074.0

Total Messages received across all subscribers = 6299959
Computed subscriber rate (msg/sec across all subscribers) = 98863


100 Byte size test - 2 fannout 30000 Msg/sec for 60 seconds
2016-06-09-07:27:48
Total Messages transmitted = 5400000
Computed publish rate (msg/sec) = 64248.0

Total Messages received across all subscribers = 10793966
Computed subscriber rate (msg/sec across all subscribers) = 128184
 
100 Byte size test - 5 fannout 10000 Msg/sec for 60 seconds
2016-06-09-07:51:51
Total Messages transmitted = 1800000
Computed publish rate (msg/sec) = 30000.0

Total Messages received across all subscribers = 8981108
Computed subscriber rate (msg/sec across all subscribers) = 148694


100 Byte size test - 10 fannout 5000 Msg/sec for 60 seconds
2016-06-09-07:30:37
Total Messages transmitted = 900000
Computed publish rate (msg/sec) = 15000.0

Total Messages received across all subscribers = 8948728
Computed subscriber rate (msg/sec across all subscribers) = 149324


100 Byte size test - 50 fannout 1000 Msg/sec for 60 seconds
2016-06-09-07:53:03
Total Messages transmitted = 180000
Computed publish rate (msg/sec) = 2775.0

Total Messages received across all subscribers = 8787828
Computed subscriber rate (msg/sec across all subscribers) = 128661

100 Byte size test - 100 fannout 500 Msg/sec for 60 seconds
2016-06-09-07:32:00
Total Messages transmitted = 90000
Computed publish rate (msg/sec) = 1284.0

Total Messages received across all subscribers = 8526514
Computed subscriber rate (msg/sec across all subscribers) = 110312

1024 Byte size test - 1 fannout 35000 Msg/sec for 60 seconds
2016-06-09-07:33:28
Total Messages transmitted = 6300000
Computed publish rate (msg/sec) = 96120.0

Total Messages received across all subscribers = 6298081
Computed subscriber rate (msg/sec across all subscribers) = 96082


1024 Byte size test - 2 fannout 30000 Msg/sec for 60 seconds
2016-06-09-07:34:47
Total Messages transmitted = 5400000
Computed publish rate (msg/sec) = 61715.0

Total Messages received across all subscribers = 10797871
Computed subscriber rate (msg/sec across all subscribers) = 123360


1024 Byte size test - 5 fannout 10000 Msg/sec for 60 seconds
2016-06-09-07:36:26
Total Messages transmitted = 1800000
Computed publish rate (msg/sec) = 29322.0

Total Messages received across all subscribers = 8974703
Computed subscriber rate (msg/sec across all subscribers) = 146203


1024 Byte size test - 10 fannout 5000 Msg/sec for 60 seconds
2016-06-09-07:37:40
Total Messages transmitted = 900000
Computed publish rate (msg/sec) = 14985.0

Total Messages received across all subscribers = 8948425
Computed subscriber rate (msg/sec across all subscribers) = 148660


1024 Byte size test - 50 fannout 1000 Msg/sec for 60 seconds
2016-06-09-07:38:53
Total Messages transmitted = 180000
Computed publish rate (msg/sec) = 2594.0

Total Messages received across all subscribers = 8764557
Computed subscriber rate (msg/sec across all subscribers) = 126475


1024 Byte size test - 100 fannout 500 Msg/sec for 60 seconds
2016-06-09-07:40:15
Total Messages transmitted = 90000
Computed publish rate (msg/sec) = 1150.0

Total Messages received across all subscribers = 8462168
Computed subscriber rate (msg/sec across all subscribers) = 108331

2048 Byte size test - 1 fannout 35000 Msg/sec for 60 seconds
2016-06-09-07:41:46
Total Messages transmitted = 6300000
Computed publish rate (msg/sec) = 89435.0

Total Messages received across all subscribers = 6297347
Computed subscriber rate (msg/sec across all subscribers) = 89405


2048 Byte size test - 2 fannout 30000 Msg/sec for 60 seconds
2016-06-09-07:43:09
Total Messages transmitted = 5400000
Computed publish rate (msg/sec) = 56748.0

Total Messages received across all subscribers = 10793919
Computed subscriber rate (msg/sec across all subscribers) = 113408


2048 Byte size test - 5 fannout 10000 Msg/sec for 60 seconds
2016-06-09-07:44:57
Total Messages transmitted = 1800000
Computed publish rate (msg/sec) = 26843.0

Total Messages received across all subscribers = 8980220
Computed subscriber rate (msg/sec across all subscribers) = 133913


2048 Byte size test - 10 fannout 5000 Msg/sec for 60 seconds
2016-06-09-07:46:17
Total Messages transmitted = 900000
Computed publish rate (msg/sec) = 13857.0

Total Messages received across all subscribers = 8940813
Computed subscriber rate (msg/sec across all subscribers) = 137635


2048 Byte size test - 50 fannout 1000 Msg/sec for 60 seconds
2016-06-09-07:47:34
Total Messages transmitted = 180000
Computed publish rate (msg/sec) = 2489.0

Total Messages received across all subscribers = 8732512
Computed subscriber rate (msg/sec across all subscribers) = 121024


2048 Byte size test - 100 fannout 500 Msg/sec for 60 seconds
2016-06-09-07:48:59
Total Messages transmitted = 90000
Computed publish rate (msg/sec) = 1125.0

Total Messages received across all subscribers = 8368703
Computed subscriber rate (msg/sec across all subscribers) = 105086
2016-06-09-07:50:31

